exports[`<Home /> renders 1`] = `
<article>
  <HelmetWrapper
    title="Home" />
  <h2>
    Hello world!
  </h2>
  <p>
    This starter kit contains all the build tooling and configuration you need to kick off your next universal React project, whilst containing a minimal project set up allowing you to make your own architecture decisions (Redux/Mobx etc).
  </p>
</article>
`;
